I'm sorry, but errors were detected in your script. Please correct the
errors listed below, and try again.


The label _call_show_black_trans is defined twice, at File "game/scripts/classroom.rpy", line 71:
    call show_black_trans("Chapter 1  Home   巴以冲突中的一家") from _call_show_black_trans
and File "game/scripts/hospital.rpy", line 70:
    call show_black_trans("Chapter 1  Home   巴以冲突中的一家") from _call_show_black_trans


Ren'Py Version: Ren'Py 8.1.3.23091805
Sat Nov 11 17:06:34 2023
